// Jest Snapshot v1, https://goo.gl/fbAQLP

exports[`Order Details Tests renders correctly 1`] = `
<div
  className="MuiGrid-root makeStyles-root-1 MuiGrid-container MuiGrid-spacing-xs-5 MuiGrid-align-items-xs-center MuiGrid-justify-xs-center"
>
  <div
    className="MuiGrid-root MuiGrid-item"
  >
    <div
      className="MuiGrid-root makeStyles-root-3 MuiGrid-container MuiGrid-spacing-xs-2 MuiGrid-item MuiGrid-justify-xs-center"
    >
      <div
        className="MuiGrid-root MuiGrid-item"
      >
        <p
          className="MuiTypography-root MuiTypography-body1"
        >
          <strong>
            Title:
          </strong>
           
          Strongbow
        </p>
      </div>
      <div
        className="MuiGrid-root MuiGrid-item"
      >
        <p
          className="MuiTypography-root MuiTypography-body1"
        >
          <strong>
            Option:
          </strong>
           
          Half-Pint
        </p>
      </div>
      <div
        className="MuiGrid-root MuiGrid-item"
      >
        <p
          className="MuiTypography-root MuiTypography-body1"
        >
          <strong>
            Volume:
          </strong>
           
          3
        </p>
      </div>
    </div>
  </div>
  <div
    className="MuiGrid-root makeStyles-buttonBox-2 MuiGrid-container MuiGrid-spacing-xs-2 MuiGrid-item"
  >
    <div
      className="MuiGrid-root MuiGrid-item MuiGrid-grid-xs-6"
    >
      <button
        className="MuiButtonBase-root MuiButton-root MuiButton-contained MuiButton-fullWidth"
        disabled={false}
        onBlur={[Function]}
        onDragLeave={[Function]}
        onFocus={[Function]}
        onKeyDown={[Function]}
        onKeyUp={[Function]}
        onMouseDown={[Function]}
        onMouseLeave={[Function]}
        onMouseUp={[Function]}
        onTouchEnd={[Function]}
        onTouchMove={[Function]}
        onTouchStart={[Function]}
        tabIndex={0}
        type="button"
      >
        <span
          className="MuiButton-label"
        >
          Working On
        </span>
      </button>
    </div>
    <div
      className="MuiGrid-root MuiGrid-item MuiGrid-grid-xs-6"
    >
      <button
        className="MuiButtonBase-root MuiButton-root MuiButton-contained MuiButton-fullWidth"
        disabled={false}
        onBlur={[Function]}
        onClick={[Function]}
        onDragLeave={[Function]}
        onFocus={[Function]}
        onKeyDown={[Function]}
        onKeyUp={[Function]}
        onMouseDown={[Function]}
        onMouseLeave={[Function]}
        onMouseUp={[Function]}
        onTouchEnd={[Function]}
        onTouchMove={[Function]}
        onTouchStart={[Function]}
        tabIndex={0}
        type="button"
      >
        <span
          className="MuiButton-label"
        >
          Delivered
        </span>
      </button>
    </div>
  </div>
</div>
`;
